iwmap 4
// entity 0
{
guid "{EBC8AD6A-1862-11ED-852A-FC7774647647}"
"classname" "worldspawn"
"lightingquality" "1024"
"samplescale" "1"
"skyboxmodel" "skybox_default_day"
"ssi" "default_day"
"wsi" "default_day"
}
// entity 1
{
guid "{0B8252F8-42F6-40B5-98E4-2653ACE4D522}"
"classname" "info_player_start"
"angles" "0 90 0"
"origin" "0 -448 40"
}
// entity 2
// entity 3
// entity 4
// entity 5
// entity 6
// entity 7
// entity 8
// entity 9
// entity 10
// entity 11
{
guid "{F71F9019-85F2-4CDC-9AB4-AFB55866B546}"
"classname" "script_struct"
"angles" "0 90 0"
"origin" "0 -384 28"
"radius" "2000"
"script_int" "2000"
"script_noteworthy" "start_room"
"script_string" "zclassic_start_room zcleansed_start_room zgrief_start_room"
"target" "initial_spawn_points"
"targetname" "player_respawn_point"
}
// entity 12
{
guid "{35CE62BA-D28A-4F7D-938F-404DA7C6F489}"
"classname" "script_struct"
"_color" "1 1 0"
"angles" "0 90 0"
"origin" "-64 -256 28"
"radius" "32"
"script_int" "2"
"script_noteworthy" "initial_spawn"
"script_string" "zcleansed_start_room"
"targetname" "initial_spawn_points"
}
// entity 13
{
guid "{EA5F4D84-5E08-4D5B-A5C9-16CC2C2E7FBF}"
"classname" "script_struct"
"_color" "1 0 1"
"angles" "0 90 0"
"origin" "-64 -320 28"
"radius" "32"
"script_int" "1"
"script_noteworthy" "initial_spawn"
"script_string" "zcleansed_start_room"
"targetname" "initial_spawn_points"
}
// entity 14
{
guid "{00C1094E-A09B-43B0-B7DF-F3CCA42314CB}"
"classname" "script_struct"
"_color" "1 1 0"
"angles" "0 90 0"
"origin" "64 -256 28"
"radius" "32"
"script_int" "2"
"script_noteworthy" "initial_spawn"
"script_string" "zcleansed_start_room"
"targetname" "initial_spawn_points"
}
// entity 15
{
guid "{B4E5719D-E73A-4800-8649-2291FE842881}"
"classname" "script_struct"
"_color" "1 0 1"
"angles" "0 90 0"
"origin" "64 -320 28"
"radius" "32"
"script_int" "1"
"script_noteworthy" "initial_spawn"
"script_string" "zcleansed_start_room"
"targetname" "initial_spawn_points"
}
// entity 16
{
guid "{CFD7776D-BBC4-424C-8353-1408FD47EDB4}"
"classname" "script_struct"
"_color" "1 1 0"
"angles" "0 90 0"
"origin" "192 -256 28"
"radius" "32"
"script_int" "2"
"script_noteworthy" "initial_spawn"
"script_string" "zcleansed_start_room"
"targetname" "initial_spawn_points"
}
// entity 17
{
guid "{5791945E-FF65-4433-9F17-B7AA55E0558B}"
"classname" "script_struct"
"_color" "1 0 1"
"angles" "0 90 0"
"origin" "192 -320 28"
"radius" "32"
"script_int" "1"
"script_noteworthy" "initial_spawn"
"script_string" "zcleansed_start_room"
"targetname" "initial_spawn_points"
}
// entity 18
{
guid "{978BBAF4-9E67-4E0F-9740-F82BB46F4E59}"
"classname" "script_struct"
"_color" "1 1 0"
"angles" "0 90 0"
"origin" "-192 -256 28"
"radius" "32"
"script_int" "2"
"script_noteworthy" "initial_spawn"
"script_string" "zcleansed_start_room"
"targetname" "initial_spawn_points"
}
// entity 19
{
guid "{8ADB7C01-F2F4-4CD2-99B6-9DDC4D4851A5}"
"classname" "script_struct"
"_color" "1 0 1"
"angles" "0 90 0"
"origin" "-192 -320 28"
"radius" "32"
"script_int" "1"
"script_noteworthy" "initial_spawn"
"script_string" "zcleansed_start_room"
"targetname" "initial_spawn_points"
}
// entity 20
// entity 21
// entity 22
// entity 23
// entity 24
// entity 25
// entity 26
// entity 27
// entity 28
// entity 29
// entity 30
// entity 31
// entity 32
// entity 33
